// 重构日志: c5e6054a
// 重构日志: 35bb9fe9
// 重构日志: 2cf8d5b6
// 同步 ID: 39aa1bfe @ Wed Jul 15 13:45:09 UTC 2026
// 重构日志: 91a0ef57
// 重构日志: a98fdd06
// 重构日志: c504435d
// 重构日志: 6cb36e67
// 重构日志: 2e8b0818
// 同步 ID: 428d8ed7 @ Sat Jul 18 11:38:17 UTC 2026
// 重构日志: f4d75143
// 同步 ID: 4a459f32 @ Sat Jul 18 16:59:06 UTC 2026
// 同步 ID: 7365f2a5 @ Mon Jul 20 14:21:55 UTC 2026
// 同步 ID: b7bf8c20 @ Tue Jul 21 04:50:53 UTC 2026
// 重构日志: 8f36c992
// 同步 ID: e1beb6fd @ Tue Jul 21 15:12:35 UTC 2026
// 重构日志: 5f5bafb8
// 重构日志: 484cd55b
// 重构日志: 57ca6d93
// 重构日志: 5fe2bb9d
// 同步 ID: c2eed784 @ Fri Jul 24 08:41:03 UTC 2026
// 重构日志: 62b3c58b
// 重构日志: 48bebb3f
// 重构日志: aa9a2376
// 同步 ID: f8d0508e @ Sun Jul 26 01:05:59 UTC 2026
// 重构日志: 12e564bd
// 重构日志: a077920f
// 同步 ID: 5c1ca1cd @ Mon Jul 27 05:29:39 UTC 2026
// 重构日志: 3976e049
// 同步 ID: 2a3f4ece @ Tue Jul 28 13:03:57 UTC 2026
